Placer le chemin complet du répertoire de stockage pour la configuration de l'application 
dans la variable système suivante (Par défaut, le préfixe est le nom de l'application, 
modifier selon convenance): 

--------------------------------------------------------------------------------------------------------
APPLICATION_REST_CONFIG_FILES = Chemin complet du répertoire pour le(s) fichier(s)de configuration.
--------------------------------------------------------------------------------------------------------

Un fichier de configuration par défaut pour l'application a été créé dans : 

--------------------------------------------------------------------------------------------------------
src/main/resources/applicationApplication.properties
--------------------------------------------------------------------------------------------------------

Un fichier de configuration pour les jetons sera complété si besoin lors de la génération SOA dans : 

--------------------------------------------------------------------------------------------------------
src/main/resources/applicationTokens.properties
--------------------------------------------------------------------------------------------------------

