Placer le chemin complet du répertoire de stockage pour la configuration de l'application 
dans la variable système suivante (Par défaut, le préfix est le nom de l'application, 
modifier selon convenance) : 

--------------------------------------------------------------------------------------------------------
TEST_REST_CONFIG_FILES = Chemin complet du répertoire pour le(s) fichier(s)de configuration.
--------------------------------------------------------------------------------------------------------

Un fichier de configuration par défaut a été créé dans : 

--------------------------------------------------------------------------------------------------------
src/main/resources/testApplication.properties
--------------------------------------------------------------------------------------------------------

Une fois la librairie packagée (fichier ZIP), le fichier de configuration est directement accessible sous : 

--------------------------------------------------------------------------------------------------------
properties/testApplication.properties
--------------------------------------------------------------------------------------------------------
