<?xml version="1.0" encoding="UTF-8"?>
<module>

  <inherits name='fr.spi4j.spi4j_ui'/>
  <inherits name='fr.spi4j.ui.gwt.spi4j_gwt'/>

  <source path='client'/>

  <set-property name="gwt.suppressNonStaticFinalFieldWarnings" value="true" />

  <!--
Start of user code Module Business
  -->

  <!-- End of user code -->

</module>
