<!-- Start of user code index.html -->
<!doctype html>
<html>
<head>
<meta http-equiv="content-type" content="text/html; charset=UTF-8" />
<meta http-equiv="X-UA-Compatible" content="IE=EDGE" />
<title>application</title>

</head>

<body>

    <!-- OPTIONAL: include this if you want history support -->
    <iframe src="javascript:''" id="__gwt_historyFrame" tabIndex='-1'
        style="position: absolute; width: 0; height: 0; border: 0"></iframe>

    <!-- RECOMMENDED if your web app will not function without JavaScript enabled -->
    <noscript>
        <div
            style="width: 22em; position: absolute; left: 50%; margin-left: -11em; color: red; background-color: white; border: 1px solid red; padding: 4px; font-family: sans-serif">
            Your web browser must have JavaScript enabled in order for this
            application to display correctly.</div>
    </noscript>

    <h1>application</h1>

    <div id="loading" align="center">
        <p><b>Chargement</b></p>
    </div>

    <script type="text/javascript" src="application/application.nocache.js"></script>

</body>
</html>

<!-- End of user code -->
