<web-fragment metadata-complete="true" version="6.0"
    xmlns="http://java.sun.com/xml/ns/javaee"
    xmlns:xsi="http://www.w3.org/2001/XMLSchema-instance"
    xsi:schemaLocation="http://java.sun.com/xml/ns/javaee 
    http://java.sun.com/xml/ns/javaee/web-fragment_6_0.xsd">

	<name>rest-mapping-fragment</name>

	<!-- Ne pas laisser à la valeur par défaut sous peine --> 
	<!-- de ne pouvoir accéder au fichier Swagger. -->
  	<servlet-mapping>
    	<servlet-name>RSServlet</servlet-name>
    	<url-pattern>/*</url-pattern>
  	</servlet-mapping>

</web-fragment>
